cd
prern@DESKTOP-CETFFRF MINGW64 ~
$ cd Desktop

prern@DESKTOP-CETFFRF MINGW64 ~/Desktop
$ cd profile-rest-api/

prern@DESKTOP-CETFFRF MINGW64 ~/Desktop/profile-rest-api
$ pwd
/c/Users/prern/Desktop/profile-rest-api

prern@DESKTOP-CETFFRF MINGW64 ~/Desktop/profile-rest-api
$ git init
Initialized empty Git repository in C:/Users/prern/Desktop/profile-rest-api/.git/

prern@DESKTOP-CETFFRF MINGW64 ~/Desktop/profile-rest-api (master)
$ ls -ltr
total 0

prern@DESKTOP-CETFFRF MINGW64 ~/Desktop/profile-rest-api (master)
$ ls -a
./  ../  .git/

prern@DESKTOP-CETFFRF MINGW64 ~/Desktop/profile-rest-api (master)
$ git add .

prern@DESKTOP-CETFFRF MINGW64 ~/Desktop/profile-rest-api (master)
$ git commit -am "Initial Commit"
[master (root-commit) 133cbde] Initial Commit
 3 files changed, 160 insertions(+)
 create mode 100644 .gitignore
 create mode 100644 LICENSE
 create mode 100644 README.md

prern@DESKTOP-CETFFRF MINGW64 ~/Desktop/profile-rest-api (master)
$ ls-/.ssh
bash: ls-/.ssh: No such file or directory

prern@DESKTOP-CETFFRF MINGW64 ~/Desktop/profile-rest-api (master)
$ ls ~/.ssh
ls: cannot access '/c/Users/prern/.ssh': No such file or directory

prern@DESKTOP-CETFFRF MINGW64 ~/Desktop/profile-rest-api (master)
$ ssh-keygen -t rsa -b 4096 -C "prernapsancheti@gmail.com"
Generating public/private rsa key pair.
Enter file in which to save the key (/c/Users/prern/.ssh/id_rsa):
Created directory '/c/Users/prern/.ssh'.
Enter passphrase (empty for no passphrase):
Enter same passphrase again:
Your identification has been saved in /c/Users/prern/.ssh/id_rsa
Your public key has been saved in /c/Users/prern/.ssh/id_rsa.pub
The key fingerprint is:
SHA256:KbJ9SWlag/sodHl1oTE7lZ5Tsf9oJqRiiuoi0xZMNnQ prernapsancheti@gmail.com
The key's randomart image is:
+---[RSA 4096]----+
|             ... |
|  . E     o + .. |
| . .       B +.  |
|  +    . o= =  . |
| + .. o.S. o..  .|
|  o .+oB.o o   ..|
| . o..+.= . . + .|
|+ o .. * .   +   |
|.=o...o .        |
+----[SHA256]-----+

prern@DESKTOP-CETFFRF MINGW64 ~/Desktop/profile-rest-api (master)
$ ls ~/.ssh
id_rsa  id_rsa.pub

prern@DESKTOP-CETFFRF MINGW64 ~/Desktop/profile-rest-api (master)
$ cat ~/.ssh/id_rsa.pub
ssh-rsa AAAAB3NzaC1yc2EAAAADAQABAAACAQDZJpT5qVLol5vq0VEFh33h9O8hTsssv4xSlpUeH6uqpMd5fhx2c3IEFdfKohMpN5+BUEdJRrj02uiVR8oulJWrzt3NnlgObCtkxo5xb5/q5ZtqA9l+mnD8pqLUf308lUaeRzhxyRcE73wj9Wv3KGcFCfnUFocQ+zYo8XOORZRudhZuSlgtV55T4ajHQGFatWNjJem3IiNO+OZzOyVGFUQKUuSu8rP8f+ud7SEiead7yNg/PR/VNDhLlpLEwRnSgj2pVg9RaIr18+/JyXvvIGciRrBBvnvRC3mI6ZXoEi3zOXGfkhXg1s/BGAGzBU93mw6plQXIYSJntnxwiE7XV24YXb9ksBFOiBJBfCIG5Migh4idqhk8OIAG1bOr5F+R4dhzAwFBtC4yHzJe+3wq7CjhJ4QJ7OewIwJ8CIG4D9NBjxSXeemWqvHf67eK4nigN/rkphpyB/vPdXwfmaOUFaGigo21yFS5BHpuYa8IpGweQt88Vpp0sOGkrIYWwm9hE1VPlobxrblinl73FBxq0ix4bSL56SohRLmLLJx28VzNVH2e1dIAV6ecgKqYz9JoKEQd1z1dF/WgdMv0B8F1porE6RZYwnrCsxP9xVi89E2607gFJxGPLmcP4JESBs5JonNYjltVrxaIe7IW3cPrUbG/+xihOGhuKbrQoV7XmBGtpw== prernapsancheti@gmail.com

prern@DESKTOP-CETFFRF MINGW64 ~/Desktop/profile-rest-api (master)
$ ^C

prern@DESKTOP-CETFFRF MINGW64 ~/Desktop/profile-rest-api (master)
$ git remote add origin https://github.com/prernaniraj/Python-Django-Rest-Api.git

prern@DESKTOP-CETFFRF MINGW64 ~/Desktop/profile-rest-api (master)
$ git push -u origin master
Enumerating objects: 5, done.
Counting objects: 100% (5/5), done.
Delta compression using up to 4 threads
Compressing objects: 100% (4/4), done.
Writing objects: 100% (5/5), 1.83 KiB | 624.00 KiB/s, done.
Total 5 (delta 0), reused 0 (delta 0), pack-reused 0
To https://github.com/prernaniraj/Python-Django-Rest-Api.git
 * [new branch]      master -> master
Branch 'master' set up to track remote branch 'master' from 'origin'.

prern@DESKTOP-CETFFRF MINGW64 ~/Desktop/profile-rest-api (master)
$ vagrant init ubuntu/bionic64
A `Vagrantfile` has been placed in this directory. You are now
ready to `vagrant up` your first virtual environment! Please read
the comments in the Vagrantfile as well as documentation on
`vagrantup.com` for more information on using Vagrant.

prern@DESKTOP-CETFFRF MINGW64 ~/Desktop/profile-rest-api (master)
$ vagrant up
Bringing machine 'default' up with 'virtualbox' provider...
==> default: Box 'ubuntu/bionic64' could not be found. Attempting to find and install...
    default: Box Provider: virtualbox
    default: Box Version: ~> 20200304.0.0
==> default: Loading metadata for box 'ubuntu/bionic64'
    default: URL: https://vagrantcloud.com/ubuntu/bionic64
==> default: Adding box 'ubuntu/bionic64' (v20200304.0.0) for provider: virtualbox
    default: Downloading: https://vagrantcloud.com/ubuntu/boxes/bionic64/versions/20200304.0.0/providers/virtualbox.box
    default: Download redirected to host: cloud-images.ubuntu.com
    default:
==> default: Successfully added box 'ubuntu/bionic64' (v20200304.0.0) for 'virtualbox'!
==> default: Importing base box 'ubuntu/bionic64'...
==> default: Matching MAC address for NAT networking...
==> default: Checking if box 'ubuntu/bionic64' version '20200304.0.0' is up to date...
==> default: Setting the name of the VM: profile-rest-api_default_1586475963262_1121
Vagrant is currently configured to create VirtualBox synced folders with
the `SharedFoldersEnableSymlinksCreate` option enabled. If the Vagrant
guest is not trusted, you may want to disable this option. For more
information on this option, please refer to the VirtualBox manual:

  https://www.virtualbox.org/manual/ch04.html#sharedfolders

This option can be disabled globally with an environment variable:

  VAGRANT_DISABLE_VBOXSYMLINKCREATE=1

or on a per folder basis within the Vagrantfile:

  config.vm.synced_folder '/host/path', '/guest/path', SharedFoldersEnableSymlinksCreate: false
==> default: Clearing any previously set network interfaces...
==> default: Preparing network interfaces based on configuration...
    default: Adapter 1: nat
==> default: Forwarding ports...
    default: 8000 (guest) => 8000 (host) (adapter 1)
    default: 22 (guest) => 2222 (host) (adapter 1)
==> default: Running 'pre-boot' VM customizations...
==> default: Booting VM...
==> default: Waiting for machine to boot. This may take a few minutes...
    default: SSH address: 127.0.0.1:2222
    default: SSH username: vagrant
    default: SSH auth method: private key
    default: Warning: Connection reset. Retrying...
    default: Warning: Connection aborted. Retrying...
    default:
    default: Vagrant insecure key detected. Vagrant will automatically replace
    default: this with a newly generated keypair for better security.
    default:
    default: Inserting generated public key within guest...
    default: Removing insecure key from the guest if it's present...
    default: Key inserted! Disconnecting and reconnecting using new SSH key...
==> default: Machine booted and ready!
==> default: Checking for guest additions in VM...
    default: The guest additions on this VM do not match the installed version of
    default: VirtualBox! In most cases this is fine, but in rare cases it can
    default: prevent things such as shared folders from working properly. If you see
    default: shared folder errors, please make sure the guest additions within the
    default: virtual machine match the version of VirtualBox you have installed on
    default: your host and reload your VM.
    default:
    default: Guest Additions Version: 5.2.34
    default: VirtualBox Version: 6.1
==> default: Mounting shared folders...
    default: /vagrant => C:/Users/prern/Desktop/profile-rest-api
==> default: Running provisioner: shell...
    default: Running: inline script
    default: Removed /etc/systemd/system/timers.target.wants/apt-daily.timer.
    default: Get:1 http://security.ubuntu.com/ubuntu bionic-security InRelease [88.7 kB]
    default: Hit:2 http://archive.ubuntu.com/ubuntu bionic InRelease
    default: Get:3 http://archive.ubuntu.com/ubuntu bionic-updates InRelease [88.7 kB]
    default: Get:4 http://archive.ubuntu.com/ubuntu bionic-backports InRelease [74.6 kB]
    default: Get:5 http://security.ubuntu.com/ubuntu bionic-security/main amd64 Packages [692 kB]
    default: Get:6 http://security.ubuntu.com/ubuntu bionic-security/main Translation-en [221 kB]
    default: Get:7 http://security.ubuntu.com/ubuntu bionic-security/restricted amd64 Packages [34.3 kB]
    default: Get:8 http://security.ubuntu.com/ubuntu bionic-security/restricted Translation-en [8924 B]
    default: Get:9 http://security.ubuntu.com/ubuntu bionic-security/universe amd64 Packages [657 kB]
    default: Get:10 http://archive.ubuntu.com/ubuntu bionic/universe amd64 Packages [8570 kB]
    default: Get:11 http://security.ubuntu.com/ubuntu bionic-security/universe Translation-en [218 kB]
    default: Get:12 http://security.ubuntu.com/ubuntu bionic-security/multiverse amd64 Packages [7176 B]
    default: Get:13 http://security.ubuntu.com/ubuntu bionic-security/multiverse Translation-en [2764 B]
    default: Get:14 http://archive.ubuntu.com/ubuntu bionic/universe Translation-en [4941 kB]
    default: Get:15 http://archive.ubuntu.com/ubuntu bionic/multiverse amd64 Packages [151 kB]
    default: Get:16 http://archive.ubuntu.com/ubuntu bionic/multiverse Translation-en [108 kB]
    default: Get:17 http://archive.ubuntu.com/ubuntu bionic-updates/main amd64 Packages [915 kB]
    default: Get:18 http://archive.ubuntu.com/ubuntu bionic-updates/main Translation-en [314 kB]
    default: Get:19 http://archive.ubuntu.com/ubuntu bionic-updates/restricted amd64 Packages [43.9 kB]
    default: Get:20 http://archive.ubuntu.com/ubuntu bionic-updates/restricted Translation-en [11.0 kB]
    default: Get:21 http://archive.ubuntu.com/ubuntu bionic-updates/universe amd64 Packages [1065 kB]
    default: Get:22 http://archive.ubuntu.com/ubuntu bionic-updates/universe Translation-en [330 kB]
    default: Get:23 http://archive.ubuntu.com/ubuntu bionic-updates/multiverse amd64 Packages [10.8 kB]
    default: Get:24 http://archive.ubuntu.com/ubuntu bionic-updates/multiverse Translation-en [4728 B]
    default: Get:25 http://archive.ubuntu.com/ubuntu bionic-backports/main amd64 Packages [2512 B]
    default: Get:26 http://archive.ubuntu.com/ubuntu bionic-backports/main Translation-en [1644 B]
    default: Get:27 http://archive.ubuntu.com/ubuntu bionic-backports/universe amd64 Packages [4020 B]
    default: Get:28 http://archive.ubuntu.com/ubuntu bionic-backports/universe Translation-en [1900 B]
    default: Fetched 18.6 MB in 25s (733 kB/s)
    default: Reading package lists...
    default: Reading package lists...
    default: Building dependency tree...
    default:
    default: Reading state information...
    default: The following additional packages will be installed:
    default:   python-pip-whl python3-distutils python3-lib2to3 python3.6-venv unzip
    default: The following NEW packages will be installed:
    default:   python-pip-whl python3-distutils python3-lib2to3 python3-venv python3.6-venv
    default:   unzip zip
    default: 0 upgraded, 7 newly installed, 0 to remove and 0 not upgraded.
    default: Need to get 2216 kB of archives.
    default: After this operation, 6239 kB of additional disk space will be used.
    default: Get:1 http://archive.ubuntu.com/ubuntu bionic-updates/universe amd64 python-pip-whl all 9.0.1-2.3~ubuntu1.18.04.1 [1653 kB]
    default: Get:2 http://archive.ubuntu.com/ubuntu bionic-updates/main amd64 python3-lib2to3 all 3.6.9-1~18.04 [77.4 kB]
    default: Get:3 http://archive.ubuntu.com/ubuntu bionic-updates/main amd64 python3-distutils all 3.6.9-1~18.04 [144 kB]
    default: Get:4 http://archive.ubuntu.com/ubuntu bionic-updates/universe amd64 python3.6-venv amd64 3.6.9-1~18.04 [6180 B]
    default: Get:5 http://archive.ubuntu.com/ubuntu bionic-updates/universe amd64 python3-venv amd64 3.6.7-1~18.04 [1208 B]
    default: Get:6 http://archive.ubuntu.com/ubuntu bionic/main amd64 unzip amd64 6.0-21ubuntu1 [167 kB]
    default: Get:7 http://archive.ubuntu.com/ubuntu bionic/main amd64 zip amd64 3.0-11build1 [167 kB]
    default: dpkg-preconfigure: unable to re-open stdin: No such file or directory
    default: Fetched 2216 kB in 4s (608 kB/s)
    default: Selecting previously unselected package python-pip-whl.
    default: (Reading database ...
(Reading database ... 35%abase ... 5%
(Reading database ... 55%abase ... 40%
    default: (Reading database ... 60%
    default: (Reading database ... 65%
    default: (Reading database ... 70%
    default: (Reading database ... 75%
    default: (Reading database ... 80%
    default: (Reading database ... 85%
    default: (Reading database ... 90%
    default: (Reading database ... 95%
(Reading database ... 59744 files and directories currently installed.)
    default: Preparing to unpack .../0-python-pip-whl_9.0.1-2.3~ubuntu1.18.04.1_all.deb ...
    default: Unpacking python-pip-whl (9.0.1-2.3~ubuntu1.18.04.1) ...
    default: Selecting previously unselected package python3-lib2to3.
    default: Preparing to unpack .../1-python3-lib2to3_3.6.9-1~18.04_all.deb ...
    default: Unpacking python3-lib2to3 (3.6.9-1~18.04) ...
    default: Selecting previously unselected package python3-distutils.
    default: Preparing to unpack .../2-python3-distutils_3.6.9-1~18.04_all.deb ...
    default: Unpacking python3-distutils (3.6.9-1~18.04) ...
    default: Selecting previously unselected package python3.6-venv.
    default: Preparing to unpack .../3-python3.6-venv_3.6.9-1~18.04_amd64.deb ...
    default: Unpacking python3.6-venv (3.6.9-1~18.04) ...
    default: Selecting previously unselected package python3-venv.
    default: Preparing to unpack .../4-python3-venv_3.6.7-1~18.04_amd64.deb ...
    default: Unpacking python3-venv (3.6.7-1~18.04) ...
    default: Selecting previously unselected package unzip.
    default: Preparing to unpack .../5-unzip_6.0-21ubuntu1_amd64.deb ...
    default: Unpacking unzip (6.0-21ubuntu1) ...
    default: Selecting previously unselected package zip.
    default: Preparing to unpack .../6-zip_3.0-11build1_amd64.deb ...
    default: Unpacking zip (3.0-11build1) ...
    default: Setting up python-pip-whl (9.0.1-2.3~ubuntu1.18.04.1) ...
    default: Setting up unzip (6.0-21ubuntu1) ...
    default: Setting up python3.6-venv (3.6.9-1~18.04) ...
    default: Setting up zip (3.0-11build1) ...
    default: Setting up python3-lib2to3 (3.6.9-1~18.04) ...
    default: Setting up python3-distutils (3.6.9-1~18.04) ...
    default: Setting up python3-venv (3.6.7-1~18.04) ...
    default: Processing triggers for man-db (2.8.3-2ubuntu0.1) ...
    default: Processing triggers for mime-support (3.60ubuntu1) ...

prern@DESKTOP-CETFFRF MINGW64 ~/Desktop/profile-rest-api (master)
$ vagrant ssh
Welcome to Ubuntu 18.04.4 LTS (GNU/Linux 4.15.0-96-generic x86_64)

 * Documentation:  https://help.ubuntu.com
 * Management:     https://landscape.canonical.com
 * Support:        https://ubuntu.com/advantage

  System information as of Thu Apr  9 23:48:52 UTC 2020

  System load:  0.51              Processes:             104
  Usage of /:   11.7% of 9.63GB   Users logged in:       0
  Memory usage: 13%               IP address for enp0s3: 10.0.2.15
  Swap usage:   0%


0 packages can be updated.
0 updates are security updates.


vagrant@ubuntu-bionic:~$ cd /vagrant
vagrant@ubuntu-bionic:/vagrant$ touch test.txt
vagrant@ubuntu-bionic:/vagrant$ ls
LICENSE  README.md  Vagrantfile  test.txt  ubuntu-bionic-18.04-cloudimg-console.log
vagrant@ubuntu-bionic:/vagrant$ dir
LICENSE  README.md  Vagrantfile  test.txt  ubuntu-bionic-18.04-cloudimg-console.log
vagrant@ubuntu-bionic:/vagrant$ pwd
/vagrant
vagrant@ubuntu-bionic:/vagrant$ ls
LICENSE    Vagrantfile     test.txt
README.md  hello_world.py  ubuntu-bionic-18.04-cloudimg-console.log
vagrant@ubuntu-bionic:/vagrant$ py hello_world.py

Command 'py' not found, but can be installed with:

apt install pythonpy
Please ask your administrator.

vagrant@ubuntu-bionic:/vagrant$ python hello_world.py
hello!
vagrant@ubuntu-bionic:/vagrant$ cd ..
vagrant@ubuntu-bionic:/$ dir
bin   etc         initrd.img.old  lost+found  opt   run   srv  usr      vmlinuz
boot  home        lib             media       proc  sbin  sys  vagrant  vmlinuz.old
dev   initrd.img  lib64           mnt         root  snap  tmp  var
vagrant@ubuntu-bionic:/$ cd va
vagrant/ var/
vagrant@ubuntu-bionic:/$ cd va
vagrant/ var/
vagrant@ubuntu-bionic:/$ cd vagrant/
vagrant@ubuntu-bionic:/vagrant$ dir
LICENSE    Vagrantfile     test.txt
README.md  hello_world.py  ubuntu-bionic-18.04-cloudimg-console.log
vagrant@ubuntu-bionic:/vagrant$
